// Jest Snapshot v1, https://goo.gl/fbAQLP

exports[`Component: OfferList should render correctly 1`] = `
<div>
  <article
    class="cities__card place-card"
  >
    <div
      class="cities__image-wrapper place-card__image-wrapper"
    >
      <a
        href="/offer/1"
      >
        <img
          alt="Penthouse, 4-5 rooms + 5 balconies"
          class="place-card__image"
          height="200"
          src="https://10.react.pages.academy/static/hotel/18.jpg"
          width="260"
        />
      </a>
    </div>
    <div
      class="cities__card-info place-card__info"
    >
      <div
        class="place-card__price-wrapper"
      >
        <div
          class="place-card__price"
        >
          <b
            class="place-card__price-value"
          >
            €
            393
          </b>
          <span
            class="place-card__price-text"
          >
            / night
          </span>
        </div>
        <button
          class="place-card__bookmark-button button false"
          type="button"
        >
          <svg
            class="place-card__bookmark-icon"
            height="19"
            width="18"
          >
            <use
              xlink:href="#icon-bookmark"
            />
          </svg>
          <span
            class="visually-hidden"
          >
            To bookmarks
          </span>
        </button>
      </div>
      <div
        class="place-card__rating rating"
      >
        <div
          class="place-card__stars rating__stars"
        >
          <span
            style="width: 80%;"
          />
          <span
            class="visually-hidden"
          >
            Rating
          </span>
        </div>
      </div>
      <h2
        class="place-card__name"
      >
        <a
          href="/offer/1"
        >
          Penthouse, 4-5 rooms + 5 balconies
        </a>
      </h2>
      <p
        class="place-card__type"
      >
        hotel
      </p>
    </div>
  </article>
  <article
    class="cities__card place-card"
  >
    <div
      class="cities__image-wrapper place-card__image-wrapper"
    >
      <a
        href="/offer/2"
      >
        <img
          alt="Nice, cozy, warm big bed apartment"
          class="place-card__image"
          height="200"
          src="https://10.react.pages.academy/static/hotel/19.jpg"
          width="260"
        />
      </a>
    </div>
    <div
      class="cities__card-info place-card__info"
    >
      <div
        class="place-card__price-wrapper"
      >
        <div
          class="place-card__price"
        >
          <b
            class="place-card__price-value"
          >
            €
            654
          </b>
          <span
            class="place-card__price-text"
          >
            / night
          </span>
        </div>
        <button
          class="place-card__bookmark-button button false"
          type="button"
        >
          <svg
            class="place-card__bookmark-icon"
            height="19"
            width="18"
          >
            <use
              xlink:href="#icon-bookmark"
            />
          </svg>
          <span
            class="visually-hidden"
          >
            To bookmarks
          </span>
        </button>
      </div>
      <div
        class="place-card__rating rating"
      >
        <div
          class="place-card__stars rating__stars"
        >
          <span
            style="width: 60%;"
          />
          <span
            class="visually-hidden"
          >
            Rating
          </span>
        </div>
      </div>
      <h2
        class="place-card__name"
      >
        <a
          href="/offer/2"
        >
          Nice, cozy, warm big bed apartment
        </a>
      </h2>
      <p
        class="place-card__type"
      >
        house
      </p>
    </div>
  </article>
</div>
`;
