// Jest Snapshot v1, https://goo.gl/fbAQLP

exports[`Component: OfferList should render correctly 1`] = `
<div>
  <div
    class="cities__places-container container"
  >
    <section
      class="cities__places places"
    >
      <h2
        class="visually-hidden"
      >
        Places
      </h2>
      <b
        class="places__found"
      >
        1
         places to stay in 
        Paris
      </b>
      <form
        action="#"
        class="places__sorting"
        method="get"
      >
        <span
          class="places__sorting-caption"
        >
          Sort by
        </span>
        <span
          class="places__sorting-type"
        >
          <svg
            class="places__sorting-arrow"
            height="4"
            width="7"
          >
            <use
              xlink:href="#icon-arrow-select"
            />
          </svg>
        </span>
      </form>
      <div
        class="cities__places-list places__list tabs__content"
      >
        <article
          class="cities__card place-card"
        >
          <div
            class="cities__image-wrapper place-card__image-wrapper"
          >
            <a
              href="/offer/2"
            >
              <img
                alt="Nice, cozy, warm big bed apartment"
                class="place-card__image"
                height="200"
                src="https://10.react.pages.academy/static/hotel/19.jpg"
                width="260"
              />
            </a>
          </div>
          <div
            class="cities__card-info place-card__info"
          >
            <div
              class="place-card__price-wrapper"
            >
              <div
                class="place-card__price"
              >
                <b
                  class="place-card__price-value"
                >
                  €
                  654
                </b>
                <span
                  class="place-card__price-text"
                >
                  / night
                </span>
              </div>
              <button
                class="place-card__bookmark-button button false"
                type="button"
              >
                <svg
                  class="place-card__bookmark-icon"
                  height="19"
                  width="18"
                >
                  <use
                    xlink:href="#icon-bookmark"
                  />
                </svg>
                <span
                  class="visually-hidden"
                >
                  To bookmarks
                </span>
              </button>
            </div>
            <div
              class="place-card__rating rating"
            >
              <div
                class="place-card__stars rating__stars"
              >
                <span
                  style="width: 60%;"
                />
                <span
                  class="visually-hidden"
                >
                  Rating
                </span>
              </div>
            </div>
            <h2
              class="place-card__name"
            >
              <a
                href="/offer/2"
              >
                Nice, cozy, warm big bed apartment
              </a>
            </h2>
            <p
              class="place-card__type"
            >
              house
            </p>
          </div>
        </article>
      </div>
    </section>
    <div
      class="cities__right-section"
    >
      <section
        class="cities__map map leaflet-container leaflet-grab leaflet-touch-drag"
        style="position: relative;"
        tabindex="0"
      >
        <div
          class="leaflet-pane leaflet-map-pane"
          style="left: 0px; top: 0px;"
        >
          <div
            class="leaflet-pane leaflet-tile-pane"
          >
            <div
              class="leaflet-layer "
              style="z-index: 1;"
            >
              <div
                class="leaflet-tile-container leaflet-zoom-animated"
                style="z-index: 18; left: 0px; top: 0px;"
              >
                <img
                  alt=""
                  class="leaflet-tile"
                  role="presentation"
                  src="https://b.basemaps.cartocdn.com/rastertiles/voyager/13/4149/2818.png"
                  style="width: 256px; height: 256px; left: -115px; top: -100px;"
                />
              </div>
            </div>
          </div>
          <div
            class="leaflet-pane leaflet-shadow-pane"
          />
          <div
            class="leaflet-pane leaflet-overlay-pane"
          />
          <div
            class="leaflet-pane leaflet-marker-pane"
          >
            <img
              alt=""
              class="leaflet-marker-icon leaflet-zoom-hide leaflet-interactive"
              src="img/pin.svg"
              style="margin-left: -20px; margin-top: -40px; width: 40px; height: 40px; left: -60px; top: 87px; z-index: 87;"
              tabindex="0"
            />
          </div>
          <div
            class="leaflet-pane leaflet-tooltip-pane"
          />
          <div
            class="leaflet-pane leaflet-popup-pane"
          />
        </div>
        <div
          class="leaflet-control-container"
        >
          <div
            class="leaflet-top leaflet-left"
          >
            <div
              class="leaflet-control-zoom leaflet-bar leaflet-control"
            >
              <a
                aria-label="Zoom in"
                class="leaflet-control-zoom-in"
                href="#"
                role="button"
                title="Zoom in"
              >
                +
              </a>
              <a
                aria-label="Zoom out"
                class="leaflet-control-zoom-out"
                href="#"
                role="button"
                title="Zoom out"
              >
                −
              </a>
            </div>
          </div>
          <div
            class="leaflet-top leaflet-right"
          />
          <div
            class="leaflet-bottom leaflet-left"
          />
          <div
            class="leaflet-bottom leaflet-right"
          >
            <div
              class="leaflet-control-attribution leaflet-control"
            >
              <a
                href="https://leafletjs.com"
                title="A JS library for interactive maps"
              >
                Leaflet
              </a>
               | © 
              <a
                href="https://www.openstreetmap.org/copyright"
              >
                OpenStreetMap
              </a>
               contributors © 
              <a
                href="https://carto.com/attributions"
              >
                CARTO
              </a>
            </div>
          </div>
        </div>
      </section>
    </div>
  </div>
</div>
`;
